<html>
<body>
<pre>
<h1>µVision Build Log</h1>
<h2>Project:</h2>
C:\Users\Pouet\Desktop\Librairies\STM32F4\template\project.uvproj
Project File Date:  01/21/2015

<h2>Output:</h2>
Build target 'Project'
linking...
Program Size: Code=25112 RO-data=428 RW-data=1292 ZI-data=5324  
".\obj\project.axf" - 0 Error(s), 0 Warning(s).
</pre>
</body>
</html>
...
compiling stm32f4xx_crc.c...
compiling stm32f4xx_cryp.c...
compiling stm32f4xx_cryp_aes.c...
compiling stm32f4xx_cryp_des.c...
compiling stm32f4xx_cryp_tdes.c...
compiling stm32f4xx_dac.c...
compiling stm32f4xx_dbgmcu.c...
compiling stm32f4xx_dcmi.c...
compiling stm32f4xx_dma.c...
compiling stm32f4xx_dma2d.c...
compiling stm32f4xx_exti.c...
compiling stm32f4xx_flash.c...
compiling stm32f4xx_fsmc.c...
compiling stm32f4xx_gpio.c...
compiling stm32f4xx_hash.c...
compiling stm32f4xx_hash_md5.c...
compiling stm32f4xx_hash_sha1.c...
compiling stm32f4xx_i2c.c...
compiling stm32f4xx_iwdg.c...
compiling stm32f4xx_ltdc.c...
compiling stm32f4xx_pwr.c...
compiling stm32f4xx_rcc.c...
compiling stm32f4xx_rng.c...
compiling stm32f4xx_rtc.c...
compiling stm32f4xx_sai.c...
compiling stm32f4xx_sdio.c...
compiling stm32f4xx_spi.c...
compiling stm32f4xx_syscfg.c...
compiling stm32f4xx_tim.c...
compiling stm32f4xx_usart.c...
compiling stm32f4xx_wwdg.c...
compiling misc.c...
compiling Common.c...
compiling Delay.c...
compiling Digital.cpp...
compiling Systick.c...
compiling Analog.cpp...
compiling Timer.cpp...
compiling Serial.cpp...
compiling SPI.cpp...
compiling CAN.cpp...
compiling I2C.cpp...
compiling main.c...
linking...
Program Size: Code=25112 RO-data=428 RW-data=1292 ZI-data=5324  
".\obj\project.axf" - 0 Error(s), 0 Warning(s).
Load "C:\\Users\\Pouet\\Desktop\\Librairies\\STM32F4\\template\\obj\\project.axf" 
Erase Done.
Programming Done.
Verify OK.
Application running ...
